2023-03-10 12:05:12,347  HI this is debug info hope you fixed it.
2023-03-10 12:05:12,347  Hi this is information for ops team.
2023-03-10 12:05:12,347  This is warning for you.
2023-03-10 12:05:12,347  This is error message for the dev team
2023-03-10 12:05:12,347  This is critical informations.
